../Core/Src/main.c:67:5:__io_putchar	16	static
../Core/Src/main.c:72:6:print_buffer	32	static
../Core/Src/main.c:91:5:main	16	static
../Core/Src/main.c:162:6:SystemClock_Config	88	static
../Core/Src/main.c:208:13:MX_TIM4_Init	64	static
../Core/Src/main.c:267:13:MX_USART2_UART_Init	8	static
../Core/Src/main.c:315:13:MX_USART3_UART_Init	8	static
../Core/Src/main.c:361:13:MX_DMA_Init	16	static
../Core/Src/main.c:380:13:MX_GPIO_Init	48	static
../Core/Src/main.c:433:6:Error_Handler	4	static,ignoring_inline_asm
